// Jest Snapshot v1, https://goo.gl/fbAQLP

exports[`<Bombs /> renders without crashing [snapshot test] 1`] = `
<div
  className="Bomb"
>
  <p>
    tick
  </p>
</div>
`;
