// Jest Snapshot v1, https://goo.gl/fbAQLP

exports[`<RouletteGuns /> renders without crashing [snapshot test] 1`] = `
<div
  className="RouletteGun"
>
  <p>
    Let's play Russian Roulette
  </p>
  <button
    onClick={[Function]}
  >
    Pull the Trigger!
  </button>
</div>
`;
